Archive member included to satisfy reference by file (symbol)

/usr/lib/gcc/arm-none-eabi/13.2.1/../../../arm-none-eabi/lib/thumb/v7-m/nofp/libg.a(libc_a-memset.o)
                              out/include/mini_printf/mini_printf.o (memset)
/usr/lib/gcc/arm-none-eabi/13.2.1/../../../arm-none-eabi/lib/thumb/v7-m/nofp/libg.a(libc_a-strlen-stub.o)
                              out/include/mini_printf/mini_printf.o (strlen)

Discarded input sections

 .text          0x00000000        0x0 out/libraries/CMSIS/CM3/CoreSupport/core_cm3.o
 .data          0x00000000        0x0 out/libraries/CMSIS/CM3/CoreSupport/core_cm3.o
 .bss           0x00000000        0x0 out/libraries/CMSIS/CM3/CoreSupport/core_cm3.o
 .text.__get_PSP
                0x00000000        0x8 out/libraries/CMSIS/CM3/CoreSupport/core_cm3.o
 .text.__set_PSP
                0x00000000        0x6 out/libraries/CMSIS/CM3/CoreSupport/core_cm3.o
 .text.__get_MSP
                0x00000000        0x8 out/libraries/CMSIS/CM3/CoreSupport/core_cm3.o
 .text.__set_MSP
                0x00000000        0x6 out/libraries/CMSIS/CM3/CoreSupport/core_cm3.o
 .text.__get_BASEPRI
                0x00000000        0x6 out/libraries/CMSIS/CM3/CoreSupport/core_cm3.o
 .text.__set_BASEPRI
                0x00000000        0x6 out/libraries/CMSIS/CM3/CoreSupport/core_cm3.o
 .text.__get_PRIMASK
                0x00000000        0x6 out/libraries/CMSIS/CM3/CoreSupport/core_cm3.o
 .text.__set_PRIMASK
                0x00000000        0x6 out/libraries/CMSIS/CM3/CoreSupport/core_cm3.o
 .text.__get_FAULTMASK
                0x00000000        0x6 out/libraries/CMSIS/CM3/CoreSupport/core_cm3.o
 .text.__set_FAULTMASK
                0x00000000        0x6 out/libraries/CMSIS/CM3/CoreSupport/core_cm3.o
 .text.__get_CONTROL
                0x00000000        0x6 out/libraries/CMSIS/CM3/CoreSupport/core_cm3.o
 .text.__set_CONTROL
                0x00000000        0x6 out/libraries/CMSIS/CM3/CoreSupport/core_cm3.o
 .text.__REV    0x00000000        0x4 out/libraries/CMSIS/CM3/CoreSupport/core_cm3.o
 .text.__REV16  0x00000000        0x4 out/libraries/CMSIS/CM3/CoreSupport/core_cm3.o
 .text.__REVSH  0x00000000        0x4 out/libraries/CMSIS/CM3/CoreSupport/core_cm3.o
 .text.__RBIT   0x00000000        0x6 out/libraries/CMSIS/CM3/CoreSupport/core_cm3.o
 .text.__LDREXB
                0x00000000        0x8 out/libraries/CMSIS/CM3/CoreSupport/core_cm3.o
 .text.__LDREXH
                0x00000000        0x8 out/libraries/CMSIS/CM3/CoreSupport/core_cm3.o
 .text.__LDREXW
                0x00000000        0x6 out/libraries/CMSIS/CM3/CoreSupport/core_cm3.o
 .text.__STREXB
                0x00000000        0x8 out/libraries/CMSIS/CM3/CoreSupport/core_cm3.o
 .text.__STREXH
                0x00000000        0x8 out/libraries/CMSIS/CM3/CoreSupport/core_cm3.o
 .text.__STREXW
                0x00000000        0x6 out/libraries/CMSIS/CM3/CoreSupport/core_cm3.o
 .debug_info    0x00000000      0x56a out/libraries/CMSIS/CM3/CoreSupport/core_cm3.o
 .debug_abbrev  0x00000000       0xd6 out/libraries/CMSIS/CM3/CoreSupport/core_cm3.o
 .debug_loclists
                0x00000000      0x27e out/libraries/CMSIS/CM3/CoreSupport/core_cm3.o
 .debug_aranges
                0x00000000       0xc8 out/libraries/CMSIS/CM3/CoreSupport/core_cm3.o
 .debug_rnglists
                0x00000000       0x91 out/libraries/CMSIS/CM3/CoreSupport/core_cm3.o
 .debug_line    0x00000000      0x2cb out/libraries/CMSIS/CM3/CoreSupport/core_cm3.o
 .debug_str     0x00000000      0x2d4 out/libraries/CMSIS/CM3/CoreSupport/core_cm3.o
 .comment       0x00000000       0x27 out/libraries/CMSIS/CM3/CoreSupport/core_cm3.o
 .debug_frame   0x00000000      0x170 out/libraries/CMSIS/CM3/CoreSupport/core_cm3.o
 .ARM.attributes
                0x00000000       0x2d out/libraries/CMSIS/CM3/CoreSupport/core_cm3.o
 .text          0x00000000        0x0 out/libraries/CMSIS/CM3/DeviceSupport/ST/STM32F10x/system_stm32f10x.o
 .data          0x00000000        0x0 out/libraries/CMSIS/CM3/DeviceSupport/ST/STM32F10x/system_stm32f10x.o
 .bss           0x00000000        0x0 out/libraries/CMSIS/CM3/DeviceSupport/ST/STM32F10x/system_stm32f10x.o
 .text.SystemCoreClockUpdate
                0x00000000       0x54 out/libraries/CMSIS/CM3/DeviceSupport/ST/STM32F10x/system_stm32f10x.o
 .rodata.AHBPrescTable
                0x00000000       0x10 out/libraries/CMSIS/CM3/DeviceSupport/ST/STM32F10x/system_stm32f10x.o
 .text          0x00000000       0x14 out/libraries/CMSIS/CM3/DeviceSupport/ST/STM32F10x/startup/gcc_ride7/startup_stm32f10x_md.o
 .data          0x00000000        0x0 out/libraries/CMSIS/CM3/DeviceSupport/ST/STM32F10x/startup/gcc_ride7/startup_stm32f10x_md.o
 .bss           0x00000000        0x0 out/libraries/CMSIS/CM3/DeviceSupport/ST/STM32F10x/startup/gcc_ride7/startup_stm32f10x_md.o
 .text          0x00000000        0x0 out/libraries/STM32F10x_StdPeriph_Driver/src/misc.o
 .data          0x00000000        0x0 out/libraries/STM32F10x_StdPeriph_Driver/src/misc.o
[...]
Memory Configuration

Name             Origin             Length             Attributes
FLASH            0x08000000         0x00010000         xr
RAM              0x20000000         0x00005000         xrw
MEMORY_B1        0x60000000         0x00000000         xr
*default*        0x00000000         0xffffffff

Linker script and memory map

LOAD out/libraries/CMSIS/CM3/CoreSupport/core_cm3.o
LOAD out/libraries/CMSIS/CM3/DeviceSupport/ST/STM32F10x/system_stm32f10x.o
LOAD out/libraries/CMSIS/CM3/DeviceSupport/ST/STM32F10x/startup/gcc_ride7/startup_stm32f10x_md.o
LOAD out/libraries/STM32F10x_StdPeriph_Driver/src/misc.o
LOAD out/libraries/STM32F10x_StdPeriph_Driver/src/stm32f10x_adc.o
LOAD out/libraries/STM32F10x_StdPeriph_Driver/src/stm32f10x_bkp.o
LOAD out/libraries/STM32F10x_StdPeriph_Driver/src/stm32f10x_can.o
LOAD out/libraries/STM32F10x_StdPeriph_Driver/src/stm32f10x_crc.o
LOAD out/libraries/STM32F10x_StdPeriph_Driver/src/stm32f10x_dac.o
LOAD out/libraries/STM32F10x_StdPeriph_Driver/src/stm32f10x_dbgmcu.o
LOAD out/libraries/STM32F10x_StdPeriph_Driver/src/stm32f10x_dma.o
LOAD out/libraries/STM32F10x_StdPeriph_Driver/src/stm32f10x_exti.o
LOAD out/libraries/STM32F10x_StdPeriph_Driver/src/stm32f10x_flash.o
LOAD out/libraries/STM32F10x_StdPeriph_Driver/src/stm32f10x_fsmc.o
LOAD out/libraries/STM32F10x_StdPeriph_Driver/src/stm32f10x_gpio.o
LOAD out/libraries/STM32F10x_StdPeriph_Driver/src/stm32f10x_i2c.o
LOAD out/libraries/STM32F10x_StdPeriph_Driver/src/stm32f10x_iwdg.o
LOAD out/libraries/STM32F10x_StdPeriph_Driver/src/stm32f10x_pwr.o
LOAD out/libraries/STM32F10x_StdPeriph_Driver/src/stm32f10x_rcc.o
LOAD out/libraries/STM32F10x_StdPeriph_Driver/src/stm32f10x_rtc.o
LOAD out/libraries/STM32F10x_StdPeriph_Driver/src/stm32f10x_sdio.o
LOAD out/libraries/STM32F10x_StdPeriph_Driver/src/stm32f10x_spi.o
LOAD out/libraries/STM32F10x_StdPeriph_Driver/src/stm32f10x_tim.o
LOAD out/libraries/STM32F10x_StdPeriph_Driver/src/stm32f10x_usart.o
LOAD out/libraries/STM32F10x_StdPeriph_Driver/src/stm32f10x_wwdg.o
LOAD out/drivers/config/stm32f10x_it.o
LOAD out/drivers/delay/delay.o
LOAD out/drivers/led/led.o
LOAD out/drivers/sys/sys.o
LOAD out/drivers/uart/usart.o
LOAD out/include/mini_printf/mini_printf.o
LOAD out/include/ring_buffer/ring_buffer.o
LOAD out/app/main.o
START GROUP
LOAD /usr/lib/gcc/arm-none-eabi/13.2.1/thumb/v7-m/nofp/libgcc.a
LOAD /usr/lib/gcc/arm-none-eabi/13.2.1/../../../arm-none-eabi/lib/thumb/v7-m/nofp/libg.a
LOAD /usr/lib/gcc/arm-none-eabi/13.2.1/../../../arm-none-eabi/lib/thumb/v7-m/nofp/libc.a
END GROUP
                0x20005000                        _estack = 0x20005000
                0x00000000                        _Min_Heap_Size = 0x0
                0x00000100                        _Min_Stack_Size = 0x100

.isr_vector     0x08000000      0x10c
                0x08000000                        . = ALIGN (0x4)
 *(.isr_vector)
 .isr_vector    0x08000000      0x10c out/libraries/CMSIS/CM3/DeviceSupport/ST/STM32F10x/startup/gcc_ride7/startup_stm32f10x_md.o
                0x08000000                g_pfnVectors
                0x0800010c                        . = ALIGN (0x4)

.text           0x0800010c      0xb88
                0x0800010c                        . = ALIGN (0x4)
 *(.text)
 .text          0x0800010c       0xa0 /usr/lib/gcc/arm-none-eabi/13.2.1/../../../arm-none-eabi/lib/thumb/v7-m/nofp/libg.a(libc_a-memset.o)
                0x0800010c                memset
 .text          0x080001ac       0x5c /usr/lib/gcc/arm-none-eabi/13.2.1/../../../arm-none-eabi/lib/thumb/v7-m/nofp/libg.a(libc_a-strlen-stub.o)
                0x080001ac                strlen
 *(.text*)
 .text.SystemInit
                0x08000208       0xf0 out/libraries/CMSIS/CM3/DeviceSupport/ST/STM32F10x/system_stm32f10x.o
                0x08000208                SystemInit
 .text.Reset_Handler
                0x080002f8       0x44 out/libraries/CMSIS/CM3/DeviceSupport/ST/STM32F10x/startup/gcc_ride7/startup_stm32f10x_md.o
                0x080002f8                Reset_Handler
 .text.Default_Handler
                0x0800033c        0x2 out/libraries/CMSIS/CM3/DeviceSupport/ST/STM32F10x/startup/gcc_ride7/startup_stm32f10x_md.o
                0x0800033c                EXTI2_IRQHandler
                0x0800033c                TIM1_CC_IRQHandler
                0x0800033c                PVD_IRQHandler
                0x0800033c                EXTI3_IRQHandler
                0x0800033c                EXTI0_IRQHandler
                0x0800033c                I2C2_EV_IRQHandler
                0x0800033c                ADC1_2_IRQHandler
                0x0800033c                SPI1_IRQHandler
                0x0800033c                TAMPER_IRQHandler
                0x0800033c                DMA1_Channel4_IRQHandler
                0x0800033c                USART3_IRQHandler
                0x0800033c                RTC_IRQHandler
                0x0800033c                DMA1_Channel7_IRQHandler
                0x0800033c                CAN1_RX1_IRQHandler
                0x0800033c                TIM4_IRQHandler
                0x0800033c                I2C1_EV_IRQHandler
                0x0800033c                DMA1_Channel6_IRQHandler
                0x0800033c                TIM3_IRQHandler
                0x0800033c                RCC_IRQHandler
                0x0800033c                TIM1_TRG_COM_IRQHandler
                0x0800033c                DMA1_Channel1_IRQHandler
                0x0800033c                Default_Handler
                0x0800033c                EXTI15_10_IRQHandler
                0x0800033c                EXTI9_5_IRQHandler
                0x0800033c                SPI2_IRQHandler
                0x0800033c                DMA1_Channel5_IRQHandler
                0x0800033c                EXTI4_IRQHandler
                0x0800033c                USB_LP_CAN1_RX0_IRQHandler
                0x0800033c                USB_HP_CAN1_TX_IRQHandler
                0x0800033c                DMA1_Channel3_IRQHandler
                0x0800033c                TIM1_UP_IRQHandler
                0x0800033c                WWDG_IRQHandler
                0x0800033c                TIM2_IRQHandler
                0x0800033c                TIM1_BRK_IRQHandler
                0x0800033c                EXTI1_IRQHandler
                0x0800033c                RTCAlarm_IRQHandler
                0x0800033c                USART2_IRQHandler
                0x0800033c                I2C2_ER_IRQHandler
                0x0800033c                DMA1_Channel2_IRQHandler
                0x0800033c                CAN1_SCE_IRQHandler
                0x0800033c                FLASH_IRQHandler
                0x0800033c                I2C1_ER_IRQHandler
                0x0800033c                USBWakeUp_IRQHandler
 *fill*         0x0800033e        0x2 
 .text.NVIC_PriorityGroupConfig
                0x08000340       0x14 out/libraries/STM32F10x_StdPeriph_Driver/src/misc.o
                0x08000340                NVIC_PriorityGroupConfig
 .text.NVIC_Init
                0x08000354       0x54 out/libraries/STM32F10x_StdPeriph_Driver/src/misc.o
                0x08000354                NVIC_Init
 .text.SysTick_CLKSourceConfig
                0x080003a8       0x16 out/libraries/STM32F10x_StdPeriph_Driver/src/misc.o
                0x080003a8                SysTick_CLKSourceConfig
 .text.GPIO_Init
                0x080003be       0x94 out/libraries/STM32F10x_StdPeriph_Driver/src/stm32f10x_gpio.o
                0x080003be                GPIO_Init
 .text.GPIO_SetBits
                0x08000452        0x4 out/libraries/STM32F10x_StdPeriph_Driver/src/stm32f10x_gpio.o
                0x08000452                GPIO_SetBits
 .text.GPIO_ResetBits
                0x08000456        0x4 out/libraries/STM32F10x_StdPeriph_Driver/src/stm32f10x_gpio.o
                0x08000456                GPIO_ResetBits
 *fill*         0x0800045a        0x2 
 .text.RCC_GetClocksFreq
                0x0800045c       0x80 out/libraries/STM32F10x_StdPeriph_Driver/src/stm32f10x_rcc.o
                0x0800045c                RCC_GetClocksFreq
 .text.RCC_APB2PeriphClockCmd
                0x080004dc       0x18 out/libraries/STM32F10x_StdPeriph_Driver/src/stm32f10x_rcc.o
                0x080004dc                RCC_APB2PeriphClockCmd
 .text.USART_Init
                0x080004f4       0xa4 out/libraries/STM32F10x_StdPeriph_Driver/src/stm32f10x_usart.o
                0x080004f4                USART_Init
 .text.USART_Cmd
                0x08000598       0x18 out/libraries/STM32F10x_StdPeriph_Driver/src/stm32f10x_usart.o
                0x08000598                USART_Cmd
 .text.USART_ITConfig
                0x080005b0       0x32 out/libraries/STM32F10x_StdPeriph_Driver/src/stm32f10x_usart.o
                0x080005b0                USART_ITConfig
 .text.USART_ReceiveData
                0x080005e2        0x8 out/libraries/STM32F10x_StdPeriph_Driver/src/stm32f10x_usart.o
                0x080005e2                USART_ReceiveData
 .text.USART_GetITStatus
                0x080005ea       0x3c out/libraries/STM32F10x_StdPeriph_Driver/src/stm32f10x_usart.o
                0x080005ea                USART_GetITStatus
 .text.NMI_Handler
                0x08000626        0x2 out/drivers/config/stm32f10x_it.o
                0x08000626                NMI_Handler
 .text.HardFault_Handler
                0x08000628        0x2 out/drivers/config/stm32f10x_it.o
                0x08000628                HardFault_Handler
 .text.MemManage_Handler
                0x0800062a        0x2 out/drivers/config/stm32f10x_it.o
                0x0800062a                MemManage_Handler
 .text.BusFault_Handler
                0x0800062c        0x2 out/drivers/config/stm32f10x_it.o
                0x0800062c                BusFault_Handler
 .text.UsageFault_Handler
                0x0800062e        0x2 out/drivers/config/stm32f10x_it.o
                0x0800062e                UsageFault_Handler
 .text.SVC_Handler
                0x08000630        0x2 out/drivers/config/stm32f10x_it.o
                0x08000630                SVC_Handler
 .text.DebugMon_Handler
                0x08000632        0x2 out/drivers/config/stm32f10x_it.o
                0x08000632                DebugMon_Handler
 .text.PendSV_Handler
                0x08000634        0x2 out/drivers/config/stm32f10x_it.o
                0x08000634                PendSV_Handler
 .text.SysTick_Handler
                0x08000636        0x2 out/drivers/config/stm32f10x_it.o
                0x08000636                SysTick_Handler
 .text.delay_init
                0x08000638       0x3c out/drivers/delay/delay.o
                0x08000638                delay_init
 .text.delay_ms
                0x08000674       0x34 out/drivers/delay/delay.o
                0x08000674                delay_ms
 .text.led_init
                0x080006a8       0x30 out/drivers/led/led.o
                0x080006a8                led_init
 .text.led_switch
                0x080006d8       0x18 out/drivers/led/led.o
                0x080006d8                led_switch
 .text.usart_puts
                0x080006f0       0x20 out/drivers/uart/usart.o
                0x080006f0                usart_puts
 .text.usart_gets
                0x08000710       0x44 out/drivers/uart/usart.o
                0x08000710                usart_gets
 .text.usart_printf
                0x08000754       0x26 out/drivers/uart/usart.o
                0x08000754                usart_printf
 *fill*         0x0800077a        0x2 
 .text.uart_init
                0x0800077c       0x94 out/drivers/uart/usart.o
                0x0800077c                uart_init
 .text.USART1_IRQHandler
                0x08000810       0x2c out/drivers/uart/usart.o
                0x08000810                USART1_IRQHandler
 .text.mini_pad
                0x0800083c       0x7a out/include/mini_printf/mini_printf.o
 .text._puts    0x080008b6       0x34 out/include/mini_printf/mini_printf.o
 .text.mini_itoa.part.0
                0x080008ea       0x78 out/include/mini_printf/mini_printf.o
 *fill*         0x08000962        0x2 
 .text.mini_vpprintf
                0x08000964      0x178 out/include/mini_printf/mini_printf.o
                0x08000964                mini_vpprintf
 .text.mini_vsnprintf
                0x08000adc       0x30 out/include/mini_printf/mini_printf.o
                0x08000adc                mini_vsnprintf
 .text.ring_buffer_is_full
                0x08000b0c       0x12 out/include/ring_buffer/ring_buffer.o
                0x08000b0c                ring_buffer_is_full
 .text.ring_buffer_num_items
                0x08000b1e        0xc out/include/ring_buffer/ring_buffer.o
                0x08000b1e                ring_buffer_num_items
 .text.ring_buffer_init
                0x08000b2a        0xe out/include/ring_buffer/ring_buffer.o
                0x08000b2a                ring_buffer_init
 .text.ring_buffer_queue
                0x08000b38       0x28 out/include/ring_buffer/ring_buffer.o
                0x08000b38                ring_buffer_queue
 .text.ring_buffer_dequeue
                0x08000b60       0x20 out/include/ring_buffer/ring_buffer.o
                0x08000b60                ring_buffer_dequeue
 .text.ring_buffer_dequeue_arr
                0x08000b80       0x2c out/include/ring_buffer/ring_buffer.o
                0x08000b80                ring_buffer_dequeue_arr
 .text.ring_buffer_peek
                0x08000bac       0x24 out/include/ring_buffer/ring_buffer.o
                0x08000bac                ring_buffer_peek
 .text.hardware_init
                0x08000bd0       0x1e out/app/main.o
                0x08000bd0                hardware_init
 *fill*         0x08000bee        0x2 
 .text.startup.main
                0x08000bf0       0x60 out/app/main.o
                0x08000bf0                main
 *(.rodata)
 *(.rodata*)
 .rodata.ADCPrescTable
                0x08000c50        0x4 out/libraries/STM32F10x_StdPeriph_Driver/src/stm32f10x_rcc.o
 .rodata.APBAHBPrescTable
                0x08000c54       0x10 out/libraries/STM32F10x_StdPeriph_Driver/src/stm32f10x_rcc.o
 .rodata.main.str1.1
                0x08000c64       0x30 out/app/main.o
 *(.glue_7)
 .glue_7        0x08000c94        0x0 linker stubs
 *(.glue_7t)
 .glue_7t       0x08000c94        0x0 linker stubs
 *(.init)
 *(.fini)
                0x08000c94                        . = ALIGN (0x4)
                0x08000c94                        _etext = .

.vfp11_veneer   0x08000c94        0x0
 .vfp11_veneer  0x08000c94        0x0 linker stubs

.v4_bx          0x08000c94        0x0
 .v4_bx         0x08000c94        0x0 linker stubs

.iplt           0x08000c94        0x0
 .iplt          0x08000c94        0x0 out/libraries/CMSIS/CM3/DeviceSupport/ST/STM32F10x/startup/gcc_ride7/startup_stm32f10x_md.o

.rel.dyn        0x08000c94        0x0
 .rel.iplt      0x08000c94        0x0 out/libraries/CMSIS/CM3/DeviceSupport/ST/STM32F10x/startup/gcc_ride7/startup_stm32f10x_md.o

.ARM.extab
 *(.ARM.extab* .gnu.linkonce.armextab.*)

.ARM            0x08000c94        0x0
                0x08000c94                        __exidx_start = .
 *(.ARM.exidx*)
                0x08000c94                        __exidx_end = .

.ARM.attributes
                0x08000c94       0x2b
 *(.ARM.attributes)
 .ARM.attributes
                0x08000c94       0x2d out/libraries/CMSIS/CM3/DeviceSupport/ST/STM32F10x/system_stm32f10x.o
 .ARM.attributes
                0x08000cc1       0x21 out/libraries/CMSIS/CM3/DeviceSupport/ST/STM32F10x/startup/gcc_ride7/startup_stm32f10x_md.o
 .ARM.attributes
                0x08000ce2       0x2d out/libraries/STM32F10x_StdPeriph_Driver/src/misc.o
 .ARM.attributes
                0x08000d0f       0x2d out/libraries/STM32F10x_StdPeriph_Driver/src/stm32f10x_gpio.o
 .ARM.attributes
                0x08000d3c       0x2d out/libraries/STM32F10x_StdPeriph_Driver/src/stm32f10x_rcc.o
 .ARM.attributes
                0x08000d69       0x2d out/libraries/STM32F10x_StdPeriph_Driver/src/stm32f10x_usart.o
 .ARM.attributes
                0x08000d96       0x2d out/drivers/config/stm32f10x_it.o
 .ARM.attributes
                0x08000dc3       0x2d out/drivers/delay/delay.o
 .ARM.attributes
                0x08000df0       0x2d out/drivers/led/led.o
 .ARM.attributes
                0x08000e1d       0x2d out/drivers/uart/usart.o
 .ARM.attributes
                0x08000e4a       0x2d out/include/mini_printf/mini_printf.o
 .ARM.attributes
                0x08000e77       0x2d out/include/ring_buffer/ring_buffer.o
 .ARM.attributes
                0x08000ea4       0x2d out/app/main.o
 .ARM.attributes
                0x08000ed1       0x2d /usr/lib/gcc/arm-none-eabi/13.2.1/../../../arm-none-eabi/lib/thumb/v7-m/nofp/libg.a(libc_a-memset.o)
 .ARM.attributes
                0x08000efe       0x2d /usr/lib/gcc/arm-none-eabi/13.2.1/../../../arm-none-eabi/lib/thumb/v7-m/nofp/libg.a(libc_a-strlen-stub.o)

.preinit_array  0x08000c94        0x0
                [!provide]                        PROVIDE (__preinit_array_start = .)
 *(.preinit_array*)
                [!provide]                        PROVIDE (__preinit_array_end = .)

.init_array     0x08000c94        0x0
                [!provide]                        PROVIDE (__init_array_start = .)
 *(SORT_BY_NAME(.init_array.*))
 *(.init_array*)
                [!provide]                        PROVIDE (__init_array_end = .)

.fini_array     0x08000c94        0x0
                [!provide]                        PROVIDE (__fini_array_start = .)
 *(.fini_array*)
 *(SORT_BY_NAME(.fini_array.*))
                [!provide]                        PROVIDE (__fini_array_end = .)
                0x08000f2b                        _sidata = .

.data           0x20000000        0x4 load address 0x08000f2b
                0x20000000                        . = ALIGN (0x4)
                0x20000000                        _sdata = .
 *(.data)
 *(.data*)
 .data.SystemCoreClock
                0x20000000        0x4 out/libraries/CMSIS/CM3/DeviceSupport/ST/STM32F10x/system_stm32f10x.o
                0x20000000                SystemCoreClock
                0x20000004                        . = ALIGN (0x4)
                0x20000004                        _edata = .

.igot.plt       0x20000004        0x0 load address 0x08000f30
 .igot.plt      0x20000004        0x0 out/libraries/CMSIS/CM3/DeviceSupport/ST/STM32F10x/startup/gcc_ride7/startup_stm32f10x_md.o
                0x20000004                        . = ALIGN (0x4)

.bss            0x20000004      0x114 load address 0x08000f30
                0x20000004                        _sbss = .
                0x20000004                        __bss_start__ = _sbss
 *(.bss)
 *(.bss*)
 .bss.fac_ms    0x20000004        0x2 out/drivers/delay/delay.o
 .bss.fac_us    0x20000006        0x1 out/drivers/delay/delay.o
 *fill*         0x20000007        0x1 
 .bss.usart_rb  0x20000008       0x10 out/drivers/uart/usart.o
                0x20000008                usart_rb
 .bss.USART_RX_BUF
                0x20000018      0x100 out/drivers/uart/usart.o
 *(COMMON)
                0x20000118                        . = ALIGN (0x4)
                0x20000118                        _ebss = .
                0x20000118                        __bss_end__ = _ebss
                [!provide]                        PROVIDE (end = _ebss)
                [!provide]                        PROVIDE (_end = _ebss)

._user_heap_stack
                0x20000118      0x100 load address 0x08001044
                0x20000118                        . = ALIGN (0x4)
                0x20000118                        . = (. + _Min_Heap_Size)
                0x20000218                        . = (. + _Min_Stack_Size)
 *fill*         0x20000118      0x100 
                0x20000218                        . = ALIGN (0x4)

.memory_b1_text
 *(.mb1text)
 *(.mb1text*)
 *(.mb1rodata)
 *(.mb1rodata*)

/DISCARD/
 libc.a(*)
 libm.a(*)
 libgcc.a(*)
OUTPUT(out/demo.elf elf32-littlearm)
LOAD linker stubs
LOAD /usr/lib/gcc/arm-none-eabi/13.2.1/../../../arm-none-eabi/lib/thumb/v7-m/nofp/libc.a
LOAD /usr/lib/gcc/arm-none-eabi/13.2.1/../../../arm-none-eabi/lib/thumb/v7-m/nofp/libm.a
LOAD /usr/lib/gcc/arm-none-eabi/13.2.1/thumb/v7-m/nofp/libgcc.a

.debug_info     0x00000000     0x46f4
 .debug_info    0x00000000      0x424 out/libraries/CMSIS/CM3/DeviceSupport/ST/STM32F10x/system_stm32f10x.o
 .debug_info    0x00000424       0x30 out/libraries/CMSIS/CM3/DeviceSupport/ST/STM32F10x/startup/gcc_ride7/startup_stm32f10x_md.o
 .debug_info    0x00000454      0x4d6 out/libraries/STM32F10x_StdPeriph_Driver/src/misc.o
 .debug_info    0x0000092a      0x7f0 out/libraries/STM32F10x_StdPeriph_Driver/src/stm32f10x_gpio.o
 .debug_info    0x0000111a      0x898 out/libraries/STM32F10x_StdPeriph_Driver/src/stm32f10x_rcc.o
 .debug_info    0x000019b2      0xaff out/libraries/STM32F10x_StdPeriph_Driver/src/stm32f10x_usart.o
 .debug_info    0x000024b1       0xdd out/drivers/config/stm32f10x_it.o
 .debug_info    0x0000258e      0x1d8 out/drivers/delay/delay.o
 .debug_info    0x00002766      0x31d out/drivers/led/led.o
 .debug_info    0x00002a83      0xa11 out/drivers/uart/usart.o
 .debug_info    0x00003494      0x9b5 out/include/mini_printf/mini_printf.o
 .debug_info    0x00003e49      0x3e7 out/include/ring_buffer/ring_buffer.o
 .debug_info    0x00004230      0x2d2 out/app/main.o
 .debug_info    0x00004502      0x135 /usr/lib/gcc/arm-none-eabi/13.2.1/../../../arm-none-eabi/lib/thumb/v7-m/nofp/libg.a(libc_a-memset.o)
 .debug_info    0x00004637       0xbd /usr/lib/gcc/arm-none-eabi/13.2.1/../../../arm-none-eabi/lib/thumb/v7-m/nofp/libg.a(libc_a-strlen-stub.o)

.debug_abbrev   0x00000000     0x183b
 .debug_abbrev  0x00000000      0x1e6 out/libraries/CMSIS/CM3/DeviceSupport/ST/STM32F10x/system_stm32f10x.o
 .debug_abbrev  0x000001e6       0x24 out/libraries/CMSIS/CM3/DeviceSupport/ST/STM32F10x/startup/gcc_ride7/startup_stm32f10x_md.o
 .debug_abbrev  0x0000020a      0x1a4 out/libraries/STM32F10x_StdPeriph_Driver/src/misc.o
 .debug_abbrev  0x000003ae      0x268 out/libraries/STM32F10x_StdPeriph_Driver/src/stm32f10x_gpio.o
 .debug_abbrev  0x00000616      0x20d out/libraries/STM32F10x_StdPeriph_Driver/src/stm32f10x_rcc.o
 .debug_abbrev  0x00000823      0x223 out/libraries/STM32F10x_StdPeriph_Driver/src/stm32f10x_usart.o
 .debug_abbrev  0x00000a46       0x7a out/drivers/config/stm32f10x_it.o
 .debug_abbrev  0x00000ac0      0x150 out/drivers/delay/delay.o
 .debug_abbrev  0x00000c10      0x18e out/drivers/led/led.o
 .debug_abbrev  0x00000d9e      0x2ea out/drivers/uart/usart.o
 .debug_abbrev  0x00001088      0x365 out/include/mini_printf/mini_printf.o
 .debug_abbrev  0x000013ed      0x194 out/include/ring_buffer/ring_buffer.o
 .debug_abbrev  0x00001581      0x18b out/app/main.o
 .debug_abbrev  0x0000170c       0xb7 /usr/lib/gcc/arm-none-eabi/13.2.1/../../../arm-none-eabi/lib/thumb/v7-m/nofp/libg.a(libc_a-memset.o)
 .debug_abbrev  0x000017c3       0x78 /usr/lib/gcc/arm-none-eabi/13.2.1/../../../arm-none-eabi/lib/thumb/v7-m/nofp/libg.a(libc_a-strlen-stub.o)

.debug_loclists
                0x00000000     0x1ff2
 .debug_loclists
                0x00000000       0x9b out/libraries/CMSIS/CM3/DeviceSupport/ST/STM32F10x/system_stm32f10x.o
 .debug_loclists
                0x0000009b      0x11e out/libraries/STM32F10x_StdPeriph_Driver/src/misc.o
 .debug_loclists
                0x000001b9      0x482 out/libraries/STM32F10x_StdPeriph_Driver/src/stm32f10x_gpio.o
 .debug_loclists
                0x0000063b      0x31f out/libraries/STM32F10x_StdPeriph_Driver/src/stm32f10x_rcc.o
 .debug_loclists
                0x0000095a      0x68a out/libraries/STM32F10x_StdPeriph_Driver/src/stm32f10x_usart.o
 .debug_loclists
                0x00000fe4       0x5c out/drivers/delay/delay.o
 .debug_loclists
                0x00001040       0x40 out/drivers/led/led.o
 .debug_loclists
                0x00001080       0xd8 out/drivers/uart/usart.o
 .debug_loclists
                0x00001158      0x9c6 out/include/mini_printf/mini_printf.o
 .debug_loclists
                0x00001b1e      0x283 out/include/ring_buffer/ring_buffer.o
 .debug_loclists
                0x00001da1       0x51 out/app/main.o
 .debug_loclists
                0x00001df2      0x1d7 /usr/lib/gcc/arm-none-eabi/13.2.1/../../../arm-none-eabi/lib/thumb/v7-m/nofp/libg.a(libc_a-memset.o)
 .debug_loclists
                0x00001fc9       0x29 /usr/lib/gcc/arm-none-eabi/13.2.1/../../../arm-none-eabi/lib/thumb/v7-m/nofp/libg.a(libc_a-strlen-stub.o)

.debug_aranges  0x00000000      0x560
 .debug_aranges
                0x00000000       0x28 out/libraries/CMSIS/CM3/DeviceSupport/ST/STM32F10x/system_stm32f10x.o
 .debug_aranges
                0x00000028       0x28 out/libraries/CMSIS/CM3/DeviceSupport/ST/STM32F10x/startup/gcc_ride7/startup_stm32f10x_md.o
 .debug_aranges
                0x00000050       0x40 out/libraries/STM32F10x_StdPeriph_Driver/src/misc.o
 .debug_aranges
                0x00000090       0xa8 out/libraries/STM32F10x_StdPeriph_Driver/src/stm32f10x_gpio.o
 .debug_aranges
                0x00000138      0x118 out/libraries/STM32F10x_StdPeriph_Driver/src/stm32f10x_rcc.o
 .debug_aranges
                0x00000250      0x100 out/libraries/STM32F10x_StdPeriph_Driver/src/stm32f10x_usart.o
 .debug_aranges
                0x00000350       0x60 out/drivers/config/stm32f10x_it.o
 .debug_aranges
                0x000003b0       0x30 out/drivers/delay/delay.o
 .debug_aranges
                0x000003e0       0x28 out/drivers/led/led.o
 .debug_aranges
                0x00000408       0x40 out/drivers/uart/usart.o
 .debug_aranges
                0x00000448       0x50 out/include/mini_printf/mini_printf.o
 .debug_aranges
                0x00000498       0x60 out/include/ring_buffer/ring_buffer.o
 .debug_aranges
                0x000004f8       0x28 out/app/main.o
 .debug_aranges
                0x00000520       0x20 /usr/lib/gcc/arm-none-eabi/13.2.1/../../../arm-none-eabi/lib/thumb/v7-m/nofp/libg.a(libc_a-memset.o)
 .debug_aranges
                0x00000540       0x20 /usr/lib/gcc/arm-none-eabi/13.2.1/../../../arm-none-eabi/lib/thumb/v7-m/nofp/libg.a(libc_a-strlen-stub.o)

.debug_rnglists
                0x00000000      0x410
 .debug_rnglists
                0x00000000       0x1a out/libraries/CMSIS/CM3/DeviceSupport/ST/STM32F10x/system_stm32f10x.o
 .debug_rnglists
                0x0000001a       0x19 out/libraries/CMSIS/CM3/DeviceSupport/ST/STM32F10x/startup/gcc_ride7/startup_stm32f10x_md.o
 .debug_rnglists
                0x00000033       0x2b out/libraries/STM32F10x_StdPeriph_Driver/src/misc.o
 .debug_rnglists
                0x0000005e       0x7b out/libraries/STM32F10x_StdPeriph_Driver/src/stm32f10x_gpio.o
 .debug_rnglists
                0x000000d9       0xce out/libraries/STM32F10x_StdPeriph_Driver/src/stm32f10x_rcc.o
 .debug_rnglists
                0x000001a7       0xbd out/libraries/STM32F10x_StdPeriph_Driver/src/stm32f10x_usart.o
 .debug_rnglists
                0x00000264       0x43 out/drivers/config/stm32f10x_it.o
 .debug_rnglists
                0x000002a7       0x1f out/drivers/delay/delay.o
 .debug_rnglists
                0x000002c6       0x19 out/drivers/led/led.o
 .debug_rnglists
                0x000002df       0x2c out/drivers/uart/usart.o
 .debug_rnglists
                0x0000030b       0x96 out/include/mini_printf/mini_printf.o
 .debug_rnglists
                0x000003a1       0x43 out/include/ring_buffer/ring_buffer.o
 .debug_rnglists
                0x000003e4       0x19 out/app/main.o
 .debug_rnglists
                0x000003fd       0x13 /usr/lib/gcc/arm-none-eabi/13.2.1/../../../arm-none-eabi/lib/thumb/v7-m/nofp/libg.a(libc_a-strlen-stub.o)

.debug_line     0x00000000     0x3130
 .debug_line    0x00000000      0x332 out/libraries/CMSIS/CM3/DeviceSupport/ST/STM32F10x/system_stm32f10x.o
 .debug_line    0x00000332       0x75 out/libraries/CMSIS/CM3/DeviceSupport/ST/STM32F10x/startup/gcc_ride7/startup_stm32f10x_md.o
 .debug_line    0x000003a7      0x272 out/libraries/STM32F10x_StdPeriph_Driver/src/misc.o
 .debug_line    0x00000619      0x61a out/libraries/STM32F10x_StdPeriph_Driver/src/stm32f10x_gpio.o
 .debug_line    0x00000c33      0x809 out/libraries/STM32F10x_StdPeriph_Driver/src/stm32f10x_rcc.o
 .debug_line    0x0000143c      0x86d out/libraries/STM32F10x_StdPeriph_Driver/src/stm32f10x_usart.o
 .debug_line    0x00001ca9       0xfb out/drivers/config/stm32f10x_it.o
 .debug_line    0x00001da4      0x223 out/drivers/delay/delay.o
 .debug_line    0x00001fc7      0x15e out/drivers/led/led.o
 .debug_line    0x00002125      0x349 out/drivers/uart/usart.o
 .debug_line    0x0000246e      0x5e1 out/include/mini_printf/mini_printf.o
 .debug_line    0x00002a4f      0x281 out/include/ring_buffer/ring_buffer.o
 .debug_line    0x00002cd0      0x1bb out/app/main.o
 .debug_line    0x00002e8b      0x1b1 /usr/lib/gcc/arm-none-eabi/13.2.1/../../../arm-none-eabi/lib/thumb/v7-m/nofp/libg.a(libc_a-memset.o)
 .debug_line    0x0000303c       0xf4 /usr/lib/gcc/arm-none-eabi/13.2.1/../../../arm-none-eabi/lib/thumb/v7-m/nofp/libg.a(libc_a-strlen-stub.o)

.debug_str      0x00000000     0x1922
 .debug_str     0x00000000     0x1922 out/libraries/CMSIS/CM3/DeviceSupport/ST/STM32F10x/system_stm32f10x.o
                                0x2e4 (size before relaxing)
 .debug_str     0x00001922       0xb9 out/libraries/CMSIS/CM3/DeviceSupport/ST/STM32F10x/startup/gcc_ride7/startup_stm32f10x_md.o
 .debug_str     0x00001922      0x3c1 out/libraries/STM32F10x_StdPeriph_Driver/src/misc.o
 .debug_str     0x00001922      0x52e out/libraries/STM32F10x_StdPeriph_Driver/src/stm32f10x_gpio.o
 .debug_str     0x00001922      0x618 out/libraries/STM32F10x_StdPeriph_Driver/src/stm32f10x_rcc.o
 .debug_str     0x00001922      0x6ce out/libraries/STM32F10x_StdPeriph_Driver/src/stm32f10x_usart.o
 .debug_str     0x00001922      0x1f4 out/drivers/config/stm32f10x_it.o
 .debug_str     0x00001922      0x1eb out/drivers/delay/delay.o
 .debug_str     0x00001922      0x32a out/drivers/led/led.o
 .debug_str     0x00001922      0x8b5 out/drivers/uart/usart.o
 .debug_str     0x00001922      0x244 out/include/mini_printf/mini_printf.o
 .debug_str     0x00001922      0x256 out/include/ring_buffer/ring_buffer.o
 .debug_str     0x00001922      0x22f out/app/main.o
 .debug_str     0x00001922      0x1a0 /usr/lib/gcc/arm-none-eabi/13.2.1/../../../arm-none-eabi/lib/thumb/v7-m/nofp/libg.a(libc_a-memset.o)
 .debug_str     0x00001922      0x196 /usr/lib/gcc/arm-none-eabi/13.2.1/../../../arm-none-eabi/lib/thumb/v7-m/nofp/libg.a(libc_a-strlen-stub.o)

.comment        0x00000000       0x26
 .comment       0x00000000       0x26 out/libraries/CMSIS/CM3/DeviceSupport/ST/STM32F10x/system_stm32f10x.o
                                 0x27 (size before relaxing)
 .comment       0x00000026       0x27 out/libraries/STM32F10x_StdPeriph_Driver/src/misc.o
 .comment       0x00000026       0x27 out/libraries/STM32F10x_StdPeriph_Driver/src/stm32f10x_gpio.o
 .comment       0x00000026       0x27 out/libraries/STM32F10x_StdPeriph_Driver/src/stm32f10x_rcc.o
 .comment       0x00000026       0x27 out/libraries/STM32F10x_StdPeriph_Driver/src/stm32f10x_usart.o
 .comment       0x00000026       0x27 out/drivers/config/stm32f10x_it.o
 .comment       0x00000026       0x27 out/drivers/delay/delay.o
 .comment       0x00000026       0x27 out/drivers/led/led.o
 .comment       0x00000026       0x27 out/drivers/uart/usart.o
 .comment       0x00000026       0x27 out/include/mini_printf/mini_printf.o
 .comment       0x00000026       0x27 out/include/ring_buffer/ring_buffer.o
 .comment       0x00000026       0x27 out/app/main.o
 .comment       0x00000026       0x27 /usr/lib/gcc/arm-none-eabi/13.2.1/../../../arm-none-eabi/lib/thumb/v7-m/nofp/libg.a(libc_a-memset.o)
 .comment       0x00000026       0x27 /usr/lib/gcc/arm-none-eabi/13.2.1/../../../arm-none-eabi/lib/thumb/v7-m/nofp/libg.a(libc_a-strlen-stub.o)

.debug_frame    0x00000000      0xab4
 .debug_frame   0x00000000       0x38 out/libraries/CMSIS/CM3/DeviceSupport/ST/STM32F10x/system_stm32f10x.o
 .debug_frame   0x00000038       0x6c out/libraries/STM32F10x_StdPeriph_Driver/src/misc.o
 .debug_frame   0x000000a4      0x170 out/libraries/STM32F10x_StdPeriph_Driver/src/stm32f10x_gpio.o
 .debug_frame   0x00000214      0x220 out/libraries/STM32F10x_StdPeriph_Driver/src/stm32f10x_rcc.o
 .debug_frame   0x00000434      0x220 out/libraries/STM32F10x_StdPeriph_Driver/src/stm32f10x_usart.o
 .debug_frame   0x00000654       0xa0 out/drivers/config/stm32f10x_it.o
 .debug_frame   0x000006f4       0x48 out/drivers/delay/delay.o
 .debug_frame   0x0000073c       0x3c out/drivers/led/led.o
 .debug_frame   0x00000778       0xc0 out/drivers/uart/usart.o
 .debug_frame   0x00000838      0x110 out/include/mini_printf/mini_printf.o
 .debug_frame   0x00000948       0xd4 out/include/ring_buffer/ring_buffer.o
 .debug_frame   0x00000a1c       0x4c out/app/main.o
 .debug_frame   0x00000a68       0x2c /usr/lib/gcc/arm-none-eabi/13.2.1/../../../arm-none-eabi/lib/thumb/v7-m/nofp/libg.a(libc_a-memset.o)
 .debug_frame   0x00000a94       0x20 /usr/lib/gcc/arm-none-eabi/13.2.1/../../../arm-none-eabi/lib/thumb/v7-m/nofp/libg.a(libc_a-strlen-stub.o)

.debug_line_str
                0x00000000       0x9f
 .debug_line_str
                0x00000000       0x9f out/libraries/CMSIS/CM3/DeviceSupport/ST/STM32F10x/startup/gcc_ride7/startup_stm32f10x_md.o
